2021-02-23 15:21:38,974 - Start Test: loginValidationMessage()
2021-02-23 15:21:39,014 - ******* INFO FROM CLASS
2021-02-23 15:21:41,954 - TEST: loginValidationMessage() -> RESULT:SUCCESSFUL
